This is pdfTeX, Version 3.141592653-2.6-1.40.27 (TeX Live 2025) (preloaded format=pdflatex 2025.11.15)  10 DEC 2025 14:29
entering extended mode
 restricted \write18 enabled.
 file:line:error style messages enabled.
 %&-line parsing enabled.
**"/Users/martinapaolacalvi/Desktop/Università-QuantumEng/First Year/ftp/FTP/main.tex"
(/Users/martinapaolacalvi/Desktop/Università-QuantumEng/First Year/ftp/FTP/main.tex
LaTeX2e <2024-11-01> patch level 2
L3 programming layer <2025-01-18>
(/usr/local/texlive/2025/texmf-dist/tex/latex/base/report.cls
Document Class: report 2024/06/29 v1.4n Standard LaTeX document class
(/usr/local/texlive/2025/texmf-dist/tex/latex/base/size10.clo
File: size10.clo 2024/06/29 v1.4n Standard LaTeX file (size option)
)
\c@part=\count196
\c@chapter=\count197
\c@section=\count198
\c@subsection=\count199
\c@subsubsection=\count266
\c@paragraph=\count267
\c@subparagraph=\count268
\c@figure=\count269
\c@table=\count270
\abovecaptionskip=\skip49
\belowcaptionskip=\skip50
\bibindent=\dimen141
) (/usr/local/texlive/2025/texmf-dist/tex/latex/base/inputenc.sty
Package: inputenc 2024/02/08 v1.3d Input encoding file
\inpenc@prehook=\toks17
\inpenc@posthook=\toks18
) (/usr/local/texlive/2025/texmf-dist/tex/latex/base/fontenc.sty
Package: fontenc 2021/04/29 v2.0v Standard LaTeX package
) (/usr/local/texlive/2025/texmf-dist/tex/latex/amsmath/amsmath.sty
Package: amsmath 2024/11/05 v2.17t AMS math features
\@mathmargin=\skip51

For additional information on amsmath, use the `?' option.
(/usr/local/texlive/2025/texmf-dist/tex/latex/amsmath/amstext.sty
Package: amstext 2021/08/26 v2.01 AMS text
 (/usr/local/texlive/2025/texmf-dist/tex/latex/amsmath/amsgen.sty
File: amsgen.sty 1999/11/30 v2.0 generic functions
\@emptytoks=\toks19
\ex@=\dimen142
)) (/usr/local/texlive/2025/texmf-dist/tex/latex/amsmath/amsbsy.sty
Package: amsbsy 1999/11/29 v1.2d Bold Symbols
\pmbraise@=\dimen143
) (/usr/local/texlive/2025/texmf-dist/tex/latex/amsmath/amsopn.sty
Package: amsopn 2022/04/08 v2.04 operator names
)
\inf@bad=\count271
LaTeX Info: Redefining \frac on input line 233.
\uproot@=\count272
\leftroot@=\count273
LaTeX Info: Redefining \overline on input line 398.
LaTeX Info: Redefining \colon on input line 409.
\classnum@=\count274
\DOTSCASE@=\count275
LaTeX Info: Redefining \ldots on input line 495.
LaTeX Info: Redefining \dots on input line 498.
LaTeX Info: Redefining \cdots on input line 619.
\Mathstrutbox@=\box52
\strutbox@=\box53
LaTeX Info: Redefining \big on input line 721.
LaTeX Info: Redefining \Big on input line 722.
LaTeX Info: Redefining \bigg on input line 723.
LaTeX Info: Redefining \Bigg on input line 724.
\big@size=\dimen144
LaTeX Font Info:    Redeclaring font encoding OML on input line 742.
LaTeX Font Info:    Redeclaring font encoding OMS on input line 743.
\macc@depth=\count276
LaTeX Info: Redefining \bmod on input line 904.
LaTeX Info: Redefining \pmod on input line 909.
LaTeX Info: Redefining \smash on input line 939.
LaTeX Info: Redefining \relbar on input line 969.
LaTeX Info: Redefining \Relbar on input line 970.
\c@MaxMatrixCols=\count277
\dotsspace@=\muskip17
\c@parentequation=\count278
\dspbrk@lvl=\count279
\tag@help=\toks20
\row@=\count280
\column@=\count281
\maxfields@=\count282
\andhelp@=\toks21
\eqnshift@=\dimen145
\alignsep@=\dimen146
\tagshift@=\dimen147
\tagwidth@=\dimen148
\totwidth@=\dimen149
\lineht@=\dimen150
\@envbody=\toks22
\multlinegap=\skip52
\multlinetaggap=\skip53
\mathdisplay@stack=\toks23
LaTeX Info: Redefining \[ on input line 2953.
LaTeX Info: Redefining \] on input line 2954.
) (/usr/local/texlive/2025/texmf-dist/tex/latex/amsfonts/amsfonts.sty
Package: amsfonts 2013/01/14 v3.01 Basic AMSFonts support
\symAMSa=\mathgroup4
\symAMSb=\mathgroup5
LaTeX Font Info:    Redeclaring math symbol \hbar on input line 98.
LaTeX Font Info:    Overwriting math alphabet `\mathfrak' in version `bold'
(Font)                  U/euf/m/n --> U/euf/b/n on input line 106.
) (/usr/local/texlive/2025/texmf-dist/tex/latex/amsfonts/amssymb.sty
Package: amssymb 2013/01/14 v3.01 AMS font symbols
) (/usr/local/texlive/2025/texmf-dist/tex/latex/graphics/graphicx.sty
Package: graphicx 2021/09/16 v1.2d Enhanced LaTeX Graphics (DPC,SPQR)
 (/usr/local/texlive/2025/texmf-dist/tex/latex/graphics/keyval.sty
Package: keyval 2022/05/29 v1.15 key=value parser (DPC)
\KV@toks@=\toks24
) (/usr/local/texlive/2025/texmf-dist/tex/latex/graphics/graphics.sty
Package: graphics 2024/08/06 v1.4g Standard LaTeX Graphics (DPC,SPQR)
 (/usr/local/texlive/2025/texmf-dist/tex/latex/graphics/trig.sty
Package: trig 2023/12/02 v1.11 sin cos tan (DPC)
) (/usr/local/texlive/2025/texmf-dist/tex/latex/graphics-cfg/graphics.cfg
File: graphics.cfg 2016/06/04 v1.11 sample graphics configuration
)
Package graphics Info: Driver file: pdftex.def on input line 106.
 (/usr/local/texlive/2025/texmf-dist/tex/latex/graphics-def/pdftex.def
File: pdftex.def 2024/04/13 v1.2c Graphics/color driver for pdftex
))
\Gin@req@height=\dimen151
\Gin@req@width=\dimen152
) (/usr/local/texlive/2025/texmf-dist/tex/latex/mathtools/mathtools.sty
Package: mathtools 2024/10/04 v1.31 mathematical typesetting tools
 (/usr/local/texlive/2025/texmf-dist/tex/latex/tools/calc.sty
Package: calc 2023/07/08 v4.3 Infix arithmetic (KKT,FJ)
\calc@Acount=\count283
\calc@Bcount=\count284
\calc@Adimen=\dimen153
\calc@Bdimen=\dimen154
\calc@Askip=\skip54
\calc@Bskip=\skip55
LaTeX Info: Redefining \setlength on input line 80.
LaTeX Info: Redefining \addtolength on input line 81.
\calc@Ccount=\count285
\calc@Cskip=\skip56
) (/usr/local/texlive/2025/texmf-dist/tex/latex/mathtools/mhsetup.sty
Package: mhsetup 2021/03/18 v1.4 programming setup (MH)
)
\g_MT_multlinerow_int=\count286
\l_MT_multwidth_dim=\dimen155
\origjot=\skip57
\l_MT_shortvdotswithinadjustabove_dim=\dimen156
\l_MT_shortvdotswithinadjustbelow_dim=\dimen157
\l_MT_above_intertext_sep=\dimen158
\l_MT_below_intertext_sep=\dimen159
\l_MT_above_shortintertext_sep=\dimen160
\l_MT_below_shortintertext_sep=\dimen161
\xmathstrut@box=\box54
\xmathstrut@dim=\dimen162
) (/usr/local/texlive/2025/texmf-dist/tex/latex/geometry/geometry.sty
Package: geometry 2020/01/02 v5.9 Page Geometry
 (/usr/local/texlive/2025/texmf-dist/tex/generic/iftex/ifvtex.sty
Package: ifvtex 2019/10/25 v1.7 ifvtex legacy package. Use iftex instead.
 (/usr/local/texlive/2025/texmf-dist/tex/generic/iftex/iftex.sty
Package: iftex 2024/12/12 v1.0g TeX engine tests
))
\Gm@cnth=\count287
\Gm@cntv=\count288
\c@Gm@tempcnt=\count289
\Gm@bindingoffset=\dimen163
\Gm@wd@mp=\dimen164
\Gm@odd@mp=\dimen165
\Gm@even@mp=\dimen166
\Gm@layoutwidth=\dimen167
\Gm@layoutheight=\dimen168
\Gm@layouthoffset=\dimen169
\Gm@layoutvoffset=\dimen170
\Gm@dimlist=\toks25
) (/usr/local/texlive/2025/texmf-dist/tex/latex/l3backend/l3backend-pdftex.def
File: l3backend-pdftex.def 2024-05-08 L3 backend support: PDF output (pdfTeX)
\l__color_backend_stack_int=\count290
\l__pdf_internal_box=\box55
) (/Users/martinapaolacalvi/Desktop/Università-QuantumEng/First Year/ftp/FTP/main.aux)
\openout1 = `main.aux'.

LaTeX Font Info:    Checking defaults for OML/cmm/m/it on input line 15.
LaTeX Font Info:    ... okay on input line 15.
LaTeX Font Info:    Checking defaults for OMS/cmsy/m/n on input line 15.
LaTeX Font Info:    ... okay on input line 15.
LaTeX Font Info:    Checking defaults for OT1/cmr/m/n on input line 15.
LaTeX Font Info:    ... okay on input line 15.
LaTeX Font Info:    Checking defaults for T1/cmr/m/n on input line 15.
LaTeX Font Info:    ... okay on input line 15.
LaTeX Font Info:    Checking defaults for TS1/cmr/m/n on input line 15.
LaTeX Font Info:    ... okay on input line 15.
LaTeX Font Info:    Checking defaults for OMX/cmex/m/n on input line 15.
LaTeX Font Info:    ... okay on input line 15.
LaTeX Font Info:    Checking defaults for U/cmr/m/n on input line 15.
LaTeX Font Info:    ... okay on input line 15.
 (/usr/local/texlive/2025/texmf-dist/tex/context/base/mkii/supp-pdf.mkii
[Loading MPS to PDF converter (version 2006.09.02).]
\scratchcounter=\count291
\scratchdimen=\dimen171
\scratchbox=\box56
\nofMPsegments=\count292
\nofMParguments=\count293
\everyMPshowfont=\toks26
\MPscratchCnt=\count294
\MPscratchDim=\dimen172
\MPnumerator=\count295
\makeMPintoPDFobject=\count296
\everyMPtoPDFconversion=\toks27
) (/usr/local/texlive/2025/texmf-dist/tex/latex/epstopdf-pkg/epstopdf-base.sty
Package: epstopdf-base 2020-01-24 v2.11 Base part for package epstopdf
Package epstopdf-base Info: Redefining graphics rule for `.eps' on input line 485.
 (/usr/local/texlive/2025/texmf-dist/tex/latex/latexconfig/epstopdf-sys.cfg
File: epstopdf-sys.cfg 2010/07/13 v1.3 Configuration of (r)epstopdf for TeX Live
))
*geometry* driver: auto-detecting
*geometry* detected driver: pdftex
*geometry* verbose mode - [ preamble ] result:
* driver: pdftex
* paper: <default>
* layout: <same size as paper>
* layoutoffset:(h,v)=(0.0pt,0.0pt)
* modes: 
* h-part:(L,W,R)=(92.14519pt, 430.00462pt, 92.14519pt)
* v-part:(T,H,B)=(95.39737pt, 556.47656pt, 143.09605pt)
* \paperwidth=614.295pt
* \paperheight=794.96999pt
* \textwidth=430.00462pt
* \textheight=556.47656pt
* \oddsidemargin=19.8752pt
* \evensidemargin=19.8752pt
* \topmargin=-13.87262pt
* \headheight=12.0pt
* \headsep=25.0pt
* \topskip=10.0pt
* \footskip=30.0pt
* \marginparwidth=65.0pt
* \marginparsep=11.0pt
* \columnsep=10.0pt
* \skip\footins=9.0pt plus 4.0pt minus 2.0pt
* \hoffset=0.0pt
* \voffset=0.0pt
* \mag=1000
* \@twocolumnfalse
* \@twosidefalse
* \@mparswitchfalse
* \@reversemarginfalse
* (1in=72.27pt=25.4mm, 1cm=28.453pt)

LaTeX Font Info:    Trying to load font information for U+msa on input line 20.
(/usr/local/texlive/2025/texmf-dist/tex/latex/amsfonts/umsa.fd
File: umsa.fd 2013/01/14 v3.01 AMS symbols A
)
LaTeX Font Info:    Trying to load font information for U+msb on input line 20.
 (/usr/local/texlive/2025/texmf-dist/tex/latex/amsfonts/umsb.fd
File: umsb.fd 2013/01/14 v3.01 AMS symbols B
)

[1

{/usr/local/texlive/2025/texmf-var/fonts/map/pdftex/updmap/pdftex.map}{/usr/local/texlive/2025/texmf-dist/fonts/enc/dvips/cm-super/cm-super-t1.enc}] (/Users/martinapaolacalvi/Desktop/Università-QuantumEng/First Year/ftp/FTP/main.toc

[1

]

[2]

[3]

LaTeX Warning: Command \textendash invalid in math mode on input line 339.


LaTeX Warning: Command \textendash invalid in math mode on input line 340.


LaTeX Warning: Command \textendash invalid in math mode on input line 347.


LaTeX Warning: Command \textendash invalid in math mode on input line 349.



[4]

[5])
\tf@toc=\write3
\openout3 = `main.toc'.



[6]
Chapter 1.


[7

{/usr/local/texlive/2025/texmf-dist/fonts/enc/dvips/cm-super/cm-super-ts1.enc}]
Underfull \hbox (badness 1019) in paragraph at lines 62--64
 \T1/cmr/bx/n/10 Trichlorosi-lane (TCS) Pro-duc-tion \T1/cmr/m/n/10 MGS is crushed and re-acted with $\OML/cmm/m/it/10 HCl$ \T1/cmr/m/n/10 to ob-tain
 []

<Screenshot 2025-10-02 at 19.07.28.png, id=43, 482.80376pt x 303.1325pt>
File: Screenshot 2025-10-02 at 19.07.28.png Graphic file (type png)
<use Screenshot 2025-10-02 at 19.07.28.png>
Package pdftex.def Info: Screenshot 2025-10-02 at 19.07.28.png  used on input line 82.
(pdftex.def)             Requested size: 215.0023pt x 134.98836pt.


[8]

[9 </Users/martinapaolacalvi/Desktop/Università-QuantumEng/First Year/ftp/FTP/Screenshot 2025-10-02 at 19.07.28.png>]

[10]

[11]

[12]

[13]
<Bravais_lattices.png, id=67, 986.68625pt x 1072.005pt>
File: Bravais_lattices.png Graphic file (type png)
<use Bravais_lattices.png>
Package pdftex.def Info: Bravais_lattices.png  used on input line 326.
(pdftex.def)             Requested size: 344.005pt x 373.75156pt.
<Screenshot 2025-10-03 115058.png, id=68, 228.855pt x 162.6075pt>
File: Screenshot 2025-10-03 115058.png Graphic file (type png)
<use Screenshot 2025-10-03 115058.png>
Package pdftex.def Info: Screenshot 2025-10-03 115058.png  used on input line 347.
(pdftex.def)             Requested size: 215.0023pt x 152.77167pt.


[14

]

[15 </Users/martinapaolacalvi/Desktop/Università-QuantumEng/First Year/ftp/FTP/Bravais_lattices.png>]
<Screenshot 2025-10-03 115459.png, id=76, 464.4853pt x 179.92218pt>
File: Screenshot 2025-10-03 115459.png Graphic file (type png)
<use Screenshot 2025-10-03 115459.png>
Package pdftex.def Info: Screenshot 2025-10-03 115459.png  used on input line 366.
(pdftex.def)             Requested size: 215.0023pt x 83.28407pt.


[16 </Users/martinapaolacalvi/Desktop/Università-QuantumEng/First Year/ftp/FTP/Screenshot 2025-10-03 115058.png> </Users/martinapaolacalvi/Desktop/Università-QuantumEng/First Year/ftp/FTP/Screenshot 2025-10-03 115459.png>]

[17]
<Screenshot 2025-10-04 at 14.09.29.png, id=86, 295.1025pt x 403.5075pt>
File: Screenshot 2025-10-04 at 14.09.29.png Graphic file (type png)
<use Screenshot 2025-10-04 at 14.09.29.png>
Package pdftex.def Info: Screenshot 2025-10-04 at 14.09.29.png  used on input line 435.
(pdftex.def)             Requested size: 171.99922pt x 235.18587pt.


[18]

[19 </Users/martinapaolacalvi/Desktop/Università-QuantumEng/First Year/ftp/FTP/Screenshot 2025-10-04 at 14.09.29.png>]

[20

]

[21]
<Screenshot 2025-10-05 at 15.05.01.png, id=103, 699.61375pt x 273.02pt>
File: Screenshot 2025-10-05 at 15.05.01.png Graphic file (type png)
<use Screenshot 2025-10-05 at 15.05.01.png>
Package pdftex.def Info: Screenshot 2025-10-05 at 15.05.01.png  used on input line 527.
(pdftex.def)             Requested size: 215.0023pt x 83.90211pt.


[22 </Users/martinapaolacalvi/Desktop/Università-QuantumEng/First Year/ftp/FTP/Screenshot 2025-10-05 at 15.05.01.png>]

[23]

[24]

[25

]

[26]

[27]
<Progetto senza titolo.png, id=125, 813.0375pt x 660.21657pt>
File: Progetto senza titolo.png Graphic file (type png)
<use Progetto senza titolo.png>
Package pdftex.def Info: Progetto senza titolo.png  used on input line 689.
(pdftex.def)             Requested size: 215.0023pt x 174.58382pt.


[28 </Users/martinapaolacalvi/Desktop/Università-QuantumEng/First Year/ftp/FTP/Progetto senza titolo.png>]

[29]

[30]

[31]

[32]

[33]

[34]
<Screenshot 2025-10-29 at 14.48.19.png, id=149, 599.23875pt x 444.66125pt>
File: Screenshot 2025-10-29 at 14.48.19.png Graphic file (type png)
<use Screenshot 2025-10-29 at 14.48.19.png>
Package pdftex.def Info: Screenshot 2025-10-29 at 14.48.19.png  used on input line 873.
(pdftex.def)             Requested size: 258.00539pt x 191.45164pt.


[35 </Users/martinapaolacalvi/Desktop/Università-QuantumEng/First Year/ftp/FTP/Screenshot 2025-10-29 at 14.48.19.png>]
Underfull \hbox (badness 10000) in paragraph at lines 933--934

 []



[36]
<Screenshot 2025-10-29 at 15.27.28.png, id=160, 270.00874pt x 150.5625pt>
File: Screenshot 2025-10-29 at 15.27.28.png Graphic file (type png)
<use Screenshot 2025-10-29 at 15.27.28.png>
Package pdftex.def Info: Screenshot 2025-10-29 at 15.27.28.png  used on input line 953.
(pdftex.def)             Requested size: 215.0023pt x 119.89188pt.


[37 </Users/martinapaolacalvi/Desktop/Università-QuantumEng/First Year/ftp/FTP/Screenshot 2025-10-29 at 15.27.28.png>]
Underfull \hbox (badness 10000) in paragraph at lines 973--976

 []


Underfull \hbox (badness 10000) in paragraph at lines 1000--1003

 []



[38]
<Screenshot 2025-10-29 at 16.01.30.png, id=168, 693.59125pt x 339.2675pt>
File: Screenshot 2025-10-29 at 16.01.30.png Graphic file (type png)
<use Screenshot 2025-10-29 at 16.01.30.png>
Package pdftex.def Info: Screenshot 2025-10-29 at 16.01.30.png  used on input line 1024.
(pdftex.def)             Requested size: 258.00539pt x 126.20515pt.
<Screenshot 2025-10-29 at 16.12.06.png, id=169, 501.875pt x 450.68375pt>
File: Screenshot 2025-10-29 at 16.12.06.png Graphic file (type png)
<use Screenshot 2025-10-29 at 16.12.06.png>
Package pdftex.def Info: Screenshot 2025-10-29 at 16.12.06.png  used on input line 1029.
(pdftex.def)             Requested size: 258.00539pt x 231.70241pt.


[39 </Users/martinapaolacalvi/Desktop/Università-QuantumEng/First Year/ftp/FTP/Screenshot 2025-10-29 at 16.01.30.png>]
Underfull \hbox (badness 10000) in paragraph at lines 1052--1054

 []



[40 </Users/martinapaolacalvi/Desktop/Università-QuantumEng/First Year/ftp/FTP/Screenshot 2025-10-29 at 16.12.06.png>]

[41]

[42

]
Underfull \hbox (badness 2426) in paragraph at lines 1139--1140
[]\T1/cmr/m/n/10 Hazardous to hu-mans. E.g., Ar-
 []


Underfull \hbox (badness 1147) in paragraph at lines 1142--1143
\T1/cmr/m/n/10 mois-ture, or when ex-posed to oxy-
 []



[43]

[44]

[45]
Underfull \hbox (badness 10000) in paragraph at lines 1236--1237

 []



[46]

[47]

[48]

[49]

[50]
<Screenshot 2025-10-30 at 08.44.49.png, id=213, 357.335pt x 354.32375pt>
File: Screenshot 2025-10-30 at 08.44.49.png Graphic file (type png)
<use Screenshot 2025-10-30 at 08.44.49.png>
Package pdftex.def Info: Screenshot 2025-10-30 at 08.44.49.png  used on input line 1402.
(pdftex.def)             Requested size: 171.99922pt x 170.54924pt.


[51 </Users/martinapaolacalvi/Desktop/Università-QuantumEng/First Year/ftp/FTP/Screenshot 2025-10-30 at 08.44.49.png>]
<Screenshot 2025-10-30 at 08.49.04.png, id=218, 639.38875pt x 397.485pt>
File: Screenshot 2025-10-30 at 08.49.04.png Graphic file (type png)
<use Screenshot 2025-10-30 at 08.49.04.png>
Package pdftex.def Info: Screenshot 2025-10-30 at 08.49.04.png  used on input line 1425.
(pdftex.def)             Requested size: 301.00192pt x 187.12123pt.


[52]
<Screenshot 2025-10-30 at 08.58.34.png, id=222, 314.17375pt x 293.095pt>
File: Screenshot 2025-10-30 at 08.58.34.png Graphic file (type png)
<use Screenshot 2025-10-30 at 08.58.34.png>
Package pdftex.def Info: Screenshot 2025-10-30 at 08.58.34.png  used on input line 1430.
(pdftex.def)             Requested size: 215.0023pt x 200.57654pt.

Underfull \hbox (badness 10000) in paragraph at lines 1432--1440

 []



[53 </Users/martinapaolacalvi/Desktop/Università-QuantumEng/First Year/ftp/FTP/Screenshot 2025-10-30 at 08.49.04.png> </Users/martinapaolacalvi/Desktop/Università-QuantumEng/First Year/ftp/FTP/Screenshot 2025-10-30 at 08.58.34.png>]
<Screenshot 2025-10-30 at 09.11.18.png, id=227, 331.2375pt x 244.915pt>
File: Screenshot 2025-10-30 at 09.11.18.png Graphic file (type png)
<use Screenshot 2025-10-30 at 09.11.18.png>
Package pdftex.def Info: Screenshot 2025-10-30 at 09.11.18.png  used on input line 1443.
(pdftex.def)             Requested size: 215.0023pt x 158.97235pt.
<Screenshot 2025-10-30 at 09.16.34.png, id=228, 462.72874pt x 302.12875pt>
File: Screenshot 2025-10-30 at 09.16.34.png Graphic file (type png)
<use Screenshot 2025-10-30 at 09.16.34.png>
Package pdftex.def Info: Screenshot 2025-10-30 at 09.16.34.png  used on input line 1449.
(pdftex.def)             Requested size: 215.0023pt x 140.38237pt.


[54 </Users/martinapaolacalvi/Desktop/Università-QuantumEng/First Year/ftp/FTP/Screenshot 2025-10-30 at 09.11.18.png>]
<Screenshot 2025-10-30 at 09.23.11.png, id=234, 386.44376pt x 146.5475pt>
File: Screenshot 2025-10-30 at 09.23.11.png Graphic file (type png)
<use Screenshot 2025-10-30 at 09.23.11.png>
Package pdftex.def Info: Screenshot 2025-10-30 at 09.23.11.png  used on input line 1455.
(pdftex.def)             Requested size: 171.99922pt x 65.22571pt.
<Screenshot 2025-10-30 at 09.25.34.png, id=235, 471.7625pt x 278.03876pt>
File: Screenshot 2025-10-30 at 09.25.34.png Graphic file (type png)
<use Screenshot 2025-10-30 at 09.25.34.png>
Package pdftex.def Info: Screenshot 2025-10-30 at 09.25.34.png  used on input line 1462.
(pdftex.def)             Requested size: 215.0023pt x 126.71571pt.


[55 </Users/martinapaolacalvi/Desktop/Università-QuantumEng/First Year/ftp/FTP/Screenshot 2025-10-30 at 09.16.34.png> </Users/martinapaolacalvi/Desktop/Università-QuantumEng/First Year/ftp/FTP/Screenshot 2025-10-30 at 09.23.11.png>]

[56 </Users/martinapaolacalvi/Desktop/Università-QuantumEng/First Year/ftp/FTP/Screenshot 2025-10-30 at 09.25.34.png>]
<Screenshot 2025-11-04 at 11.47.28.png, id=244, 400.49625pt x 318.18875pt>
File: Screenshot 2025-11-04 at 11.47.28.png Graphic file (type png)
<use Screenshot 2025-11-04 at 11.47.28.png>
Package pdftex.def Info: Screenshot 2025-11-04 at 11.47.28.png  used on input line 1490.
(pdftex.def)             Requested size: 215.0023pt x 170.81918pt.


[57 </Users/martinapaolacalvi/Desktop/Università-QuantumEng/First Year/ftp/FTP/Screenshot 2025-11-04 at 11.47.28.png>]

[58]
<Screenshot 2025-11-04 at 12.13.31.png, id=252, 377.41pt x 327.2225pt>
File: Screenshot 2025-11-04 at 12.13.31.png Graphic file (type png)
<use Screenshot 2025-11-04 at 12.13.31.png>
Package pdftex.def Info: Screenshot 2025-11-04 at 12.13.31.png  used on input line 1555.
(pdftex.def)             Requested size: 215.0023pt x 186.4089pt.


[59

]
<Screenshot 2025-11-04 at 12.24.12.png, id=256, 284.06125pt x 153.57375pt>
File: Screenshot 2025-11-04 at 12.24.12.png Graphic file (type png)
<use Screenshot 2025-11-04 at 12.24.12.png>
Package pdftex.def Info: Screenshot 2025-11-04 at 12.24.12.png  used on input line 1580.
(pdftex.def)             Requested size: 215.0023pt x 116.24155pt.


[60 </Users/martinapaolacalvi/Desktop/Università-QuantumEng/First Year/ftp/FTP/Screenshot 2025-11-04 at 12.13.31.png>]
Underfull \hbox (badness 10000) in paragraph at lines 1582--1588

 []

<Screenshot 2025-11-04 at 12.30.51.png, id=262, 445.665pt x 176.66pt>
File: Screenshot 2025-11-04 at 12.30.51.png Graphic file (type png)
<use Screenshot 2025-11-04 at 12.30.51.png>
Package pdftex.def Info: Screenshot 2025-11-04 at 12.30.51.png  used on input line 1608.
(pdftex.def)             Requested size: 215.0023pt x 85.22713pt.


[61 </Users/martinapaolacalvi/Desktop/Università-QuantumEng/First Year/ftp/FTP/Screenshot 2025-11-04 at 12.24.12.png> </Users/martinapaolacalvi/Desktop/Università-QuantumEng/First Year/ftp/FTP/Screenshot 2025-11-04 at 12.30.51.png>]

[62]
<Screenshot 2025-11-04 at 12.57.41.png, id=270, 430.60875pt x 395.4775pt>
File: Screenshot 2025-11-04 at 12.57.41.png Graphic file (type png)
<use Screenshot 2025-11-04 at 12.57.41.png>
Package pdftex.def Info: Screenshot 2025-11-04 at 12.57.41.png  used on input line 1653.
(pdftex.def)             Requested size: 215.0023pt x 197.4667pt.


[63 </Users/martinapaolacalvi/Desktop/Università-QuantumEng/First Year/ftp/FTP/Screenshot 2025-11-04 at 12.57.41.png>]
<Screenshot 2025-11-04 at 13.52.43.png, id=275, 481.8pt x 327.2225pt>
File: Screenshot 2025-11-04 at 13.52.43.png Graphic file (type png)
<use Screenshot 2025-11-04 at 13.52.43.png>
Package pdftex.def Info: Screenshot 2025-11-04 at 13.52.43.png  used on input line 1715.
(pdftex.def)             Requested size: 150.50424pt x 102.21683pt.


[64]
<Screenshot 2025-11-04 at 13.55.15.png, id=279, 453.695pt x 377.41pt>
File: Screenshot 2025-11-04 at 13.55.15.png Graphic file (type png)
<use Screenshot 2025-11-04 at 13.55.15.png>
Package pdftex.def Info: Screenshot 2025-11-04 at 13.55.15.png  used on input line 1726.
(pdftex.def)             Requested size: 150.50424pt x 125.19643pt.


[65 </Users/martinapaolacalvi/Desktop/Università-QuantumEng/First Year/ftp/FTP/Screenshot 2025-11-04 at 13.52.43.png> </Users/martinapaolacalvi/Desktop/Università-QuantumEng/First Year/ftp/FTP/Screenshot 2025-11-04 at 13.55.15.png>]
<Screenshot 2025-11-07 at 18.02.12.png, id=285, 253.94875pt x 213.79875pt>
File: Screenshot 2025-11-07 at 18.02.12.png Graphic file (type png)
<use Screenshot 2025-11-07 at 18.02.12.png>
Package pdftex.def Info: Screenshot 2025-11-07 at 18.02.12.png  used on input line 1759.
(pdftex.def)             Requested size: 85.9996pt x 72.40352pt.
<Screenshot 2025-11-06 at 09.19.44.png, id=286, 318.18875pt x 296.10625pt>
File: Screenshot 2025-11-06 at 09.19.44.png Graphic file (type png)
<use Screenshot 2025-11-06 at 09.19.44.png>
Package pdftex.def Info: Screenshot 2025-11-06 at 09.19.44.png  used on input line 1783.
(pdftex.def)             Requested size: 150.50424pt x 140.05551pt.


[66 </Users/martinapaolacalvi/Desktop/Università-QuantumEng/First Year/ftp/FTP/Screenshot 2025-11-07 at 18.02.12.png>]
<Screenshot 2025-11-06 at 09.20.45.png, id=295, 371.3875pt x 229.85875pt>
File: Screenshot 2025-11-06 at 09.20.45.png Graphic file (type png)
<use Screenshot 2025-11-06 at 09.20.45.png>
Package pdftex.def Info: Screenshot 2025-11-06 at 09.20.45.png  used on input line 1791.
(pdftex.def)             Requested size: 215.0023pt x 133.07263pt.
<Screenshot 2025-11-06 at 09.21.32.png, id=296, 204.765pt x 316.18124pt>
File: Screenshot 2025-11-06 at 09.21.32.png Graphic file (type png)
<use Screenshot 2025-11-06 at 09.21.32.png>
Package pdftex.def Info: Screenshot 2025-11-06 at 09.21.32.png  used on input line 1796.
(pdftex.def)             Requested size: 85.9996pt x 132.79521pt.
<Screenshot 2025-11-06 at 09.04.13.png, id=297, 425.59pt x 264.99pt>
File: Screenshot 2025-11-06 at 09.04.13.png Graphic file (type png)
<use Screenshot 2025-11-06 at 09.04.13.png>
Package pdftex.def Info: Screenshot 2025-11-06 at 09.04.13.png  used on input line 1801.
(pdftex.def)             Requested size: 215.0023pt x 133.86943pt.


[67 </Users/martinapaolacalvi/Desktop/Università-QuantumEng/First Year/ftp/FTP/Screenshot 2025-11-06 at 09.19.44.png> </Users/martinapaolacalvi/Desktop/Università-QuantumEng/First Year/ftp/FTP/Screenshot 2025-11-06 at 09.20.45.png> </Users/martinapaolacalvi/Desktop/Università-QuantumEng/First Year/ftp/FTP/Screenshot 2025-11-06 at 09.21.32.png>]
<Screenshot 2025-11-06 at 09.22.12.png, id=304, 472.76625pt x 173.64874pt>
File: Screenshot 2025-11-06 at 09.22.12.png Graphic file (type png)
<use Screenshot 2025-11-06 at 09.22.12.png>
Package pdftex.def Info: Screenshot 2025-11-06 at 09.22.12.png  used on input line 1837.
(pdftex.def)             Requested size: 215.0023pt x 78.9732pt.


[68 </Users/martinapaolacalvi/Desktop/Università-QuantumEng/First Year/ftp/FTP/Screenshot 2025-11-06 at 09.04.13.png> </Users/martinapaolacalvi/Desktop/Università-QuantumEng/First Year/ftp/FTP/Screenshot 2025-11-06 at 09.22.12.png>]
<Screenshot 2025-11-06 at 09.23.18.png, id=310, 480.79625pt x 249.93375pt>
File: Screenshot 2025-11-06 at 09.23.18.png Graphic file (type png)
<use Screenshot 2025-11-06 at 09.23.18.png>
Package pdftex.def Info: Screenshot 2025-11-06 at 09.23.18.png  used on input line 1850.
(pdftex.def)             Requested size: 215.0023pt x 111.76743pt.
<Screenshot 2025-11-07 at 18.05.09.png, id=311, 342.27875pt x 245.91875pt>
File: Screenshot 2025-11-07 at 18.05.09.png Graphic file (type png)
<use Screenshot 2025-11-07 at 18.05.09.png>
Package pdftex.def Info: Screenshot 2025-11-07 at 18.05.09.png  used on input line 1879.
(pdftex.def)             Requested size: 215.0023pt x 154.47557pt.


[69 </Users/martinapaolacalvi/Desktop/Università-QuantumEng/First Year/ftp/FTP/Screenshot 2025-11-06 at 09.23.18.png>]

[70 </Users/martinapaolacalvi/Desktop/Università-QuantumEng/First Year/ftp/FTP/Screenshot 2025-11-07 at 18.05.09.png>]
<Screenshot 2025-11-06 at 09.35.56.png, id=320, 442.65375pt x 117.43875pt>
File: Screenshot 2025-11-06 at 09.35.56.png Graphic file (type png)
<use Screenshot 2025-11-06 at 09.35.56.png>
Package pdftex.def Info: Screenshot 2025-11-06 at 09.35.56.png  used on input line 1916.
(pdftex.def)             Requested size: 215.0023pt x 57.04193pt.
<Screenshot 2025-11-06 at 09.34.59.png, id=321, 284.06125pt x 124.465pt>
File: Screenshot 2025-11-06 at 09.34.59.png Graphic file (type png)
<use Screenshot 2025-11-06 at 09.34.59.png>
Package pdftex.def Info: Screenshot 2025-11-06 at 09.34.59.png  used on input line 1919.
(pdftex.def)             Requested size: 129.00269pt x 56.5253pt.


[71

 </Users/martinapaolacalvi/Desktop/Università-QuantumEng/First Year/ftp/FTP/Screenshot 2025-11-06 at 09.35.56.png> </Users/martinapaolacalvi/Desktop/Università-QuantumEng/First Year/ftp/FTP/Screenshot 2025-11-06 at 09.34.59.png>]
<Screenshot 2025-11-06 at 09.41.17.png, id=328, 545.03625pt x 288.07625pt>
File: Screenshot 2025-11-06 at 09.41.17.png Graphic file (type png)
<use Screenshot 2025-11-06 at 09.41.17.png>
Package pdftex.def Info: Screenshot 2025-11-06 at 09.41.17.png  used on input line 1938.
(pdftex.def)             Requested size: 215.0023pt x 113.6372pt.


[72 </Users/martinapaolacalvi/Desktop/Università-QuantumEng/First Year/ftp/FTP/Screenshot 2025-11-06 at 09.41.17.png>]
<Screenshot 2025-11-15 182046.png, id=334, 317.185pt x 258.9675pt>
File: Screenshot 2025-11-15 182046.png Graphic file (type png)
<use Screenshot 2025-11-15 182046.png>
Package pdftex.def Info: Screenshot 2025-11-15 182046.png  used on input line 1981.
(pdftex.def)             Requested size: 215.0023pt x 175.54628pt.


[73]
<Screenshot 2025-11-15 182805.png, id=338, 369.63094pt x 231.86626pt>
File: Screenshot 2025-11-15 182805.png Graphic file (type png)
<use Screenshot 2025-11-15 182805.png>
Package pdftex.def Info: Screenshot 2025-11-15 182805.png  used on input line 1998.
(pdftex.def)             Requested size: 171.99922pt x 107.89452pt.


[74 </Users/martinapaolacalvi/Desktop/Università-QuantumEng/First Year/ftp/FTP/Screenshot 2025-11-15 182046.png> </Users/martinapaolacalvi/Desktop/Università-QuantumEng/First Year/ftp/FTP/Screenshot 2025-11-15 182805.png>]
<Screenshot 2025-11-15 182948.png, id=344, 395.22656pt x 219.06844pt>
File: Screenshot 2025-11-15 182948.png Graphic file (type png)
<use Screenshot 2025-11-15 182948.png>
Package pdftex.def Info: Screenshot 2025-11-15 182948.png  used on input line 2001.
(pdftex.def)             Requested size: 171.99922pt x 95.33745pt.
File: Screenshot 2025-11-15 182948.png Graphic file (type png)
<use Screenshot 2025-11-15 182948.png>
Package pdftex.def Info: Screenshot 2025-11-15 182948.png  used on input line 2004.
(pdftex.def)             Requested size: 171.99922pt x 95.33745pt.


[75 </Users/martinapaolacalvi/Desktop/Università-QuantumEng/First Year/ftp/FTP/Screenshot 2025-11-15 182948.png>]

[76]

[77]

[78]
<Screenshot 2025-11-20 at 08.41.22.png, id=359, 893.3375pt x 446.66875pt>
File: Screenshot 2025-11-20 at 08.41.22.png Graphic file (type png)
<use Screenshot 2025-11-20 at 08.41.22.png>
Package pdftex.def Info: Screenshot 2025-11-20 at 08.41.22.png  used on input line 2255.
(pdftex.def)             Requested size: 258.00539pt x 129.00581pt.


[79 </Users/martinapaolacalvi/Desktop/Università-QuantumEng/First Year/ftp/FTP/Screenshot 2025-11-20 at 08.41.22.png>]
<Screenshot 2025-11-20 at 08.54.47.png, id=364, 358.33875pt x 250.9375pt>
File: Screenshot 2025-11-20 at 08.54.47.png Graphic file (type png)
<use Screenshot 2025-11-20 at 08.54.47.png>
Package pdftex.def Info: Screenshot 2025-11-20 at 08.54.47.png  used on input line 2294.
(pdftex.def)             Requested size: 215.0023pt x 150.56364pt.


[80 </Users/martinapaolacalvi/Desktop/Università-QuantumEng/First Year/ftp/FTP/Screenshot 2025-11-20 at 08.54.47.png>]

[81]

[82

]

[83]

[84]

[85]

[86]

[87

]

[88]

[89]
Chapter 2.

Underfull \hbox (badness 10000) in paragraph at lines 2602--2610

 []


Underfull \hbox (badness 10000) in paragraph at lines 2602--2610

 []



[90

]

[91]

[92]
Underfull \hbox (badness 10000) in paragraph at lines 2675--2675

 []


Underfull \hbox (badness 10000) in paragraph at lines 2675--2676

 []



[93]
Underfull \hbox (badness 10000) in paragraph at lines 2693--2700

 []



[94]
Underfull \hbox (badness 10000) in paragraph at lines 2713--2722

 []


Underfull \hbox (badness 10000) in paragraph at lines 2734--2738

 []



[95]

[96]
Underfull \hbox (badness 10000) in paragraph at lines 2776--2779

 []



[97]

[98]

[99]
Underfull \hbox (badness 10000) in paragraph at lines 2817--2819

 []

<image.png, id=433, 1045.9075pt x 981.6675pt>
File: image.png Graphic file (type png)
<use image.png>
Package pdftex.def Info: image.png  used on input line 2820.
(pdftex.def)             Requested size: 215.0023pt x 201.79736pt.
<Screenshot 2025-10-02 at 15.11.36.png, id=434, 528.97626pt x 382.42876pt>
File: Screenshot 2025-10-02 at 15.11.36.png Graphic file (type png)
<use Screenshot 2025-10-02 at 15.11.36.png>
Package pdftex.def Info: Screenshot 2025-10-02 at 15.11.36.png  used on input line 2824.
(pdftex.def)             Requested size: 215.0023pt x 155.43715pt.


[100 </Users/martinapaolacalvi/Desktop/Università-QuantumEng/First Year/ftp/FTP/image.png>]
Underfull \hbox (badness 10000) in paragraph at lines 2845--2861

 []

<Screenshot 2025-10-02 at 15.13.35.png, id=438, 542.025pt x 453.695pt>
File: Screenshot 2025-10-02 at 15.13.35.png Graphic file (type png)
<use Screenshot 2025-10-02 at 15.13.35.png>
Package pdftex.def Info: Screenshot 2025-10-02 at 15.13.35.png  used on input line 2864.
(pdftex.def)             Requested size: 215.0023pt x 179.9656pt.


[101 </Users/martinapaolacalvi/Desktop/Università-QuantumEng/First Year/ftp/FTP/Screenshot 2025-10-02 at 15.11.36.png>]
Underfull \hbox (badness 10000) in paragraph at lines 2884--2885

 []

<Screenshot 2025-10-02 at 15.23.12.png, id=443, 228.855pt x 334.24875pt>
File: Screenshot 2025-10-02 at 15.23.12.png Graphic file (type png)
<use Screenshot 2025-10-02 at 15.23.12.png>
Package pdftex.def Info: Screenshot 2025-10-02 at 15.23.12.png  used on input line 2886.
(pdftex.def)             Requested size: 129.00269pt x 188.41737pt.


[102 </Users/martinapaolacalvi/Desktop/Università-QuantumEng/First Year/ftp/FTP/Screenshot 2025-10-02 at 15.13.35.png>]
<Screenshot 2025-10-02 at 15.25.09.png, id=449, 241.90375pt x 225.84375pt>
File: Screenshot 2025-10-02 at 15.25.09.png Graphic file (type png)
<use Screenshot 2025-10-02 at 15.25.09.png>
Package pdftex.def Info: Screenshot 2025-10-02 at 15.25.09.png  used on input line 2910.
(pdftex.def)             Requested size: 215.0023pt x 200.73839pt.


[103 </Users/martinapaolacalvi/Desktop/Università-QuantumEng/First Year/ftp/FTP/Screenshot 2025-10-02 at 15.23.12.png>]
Underfull \hbox (badness 10000) in paragraph at lines 2912--2919

 []


Underfull \hbox (badness 10000) in paragraph at lines 2912--2919

 []


Underfull \hbox (badness 10000) in paragraph at lines 2920--2938

 []


Underfull \hbox (badness 10000) in paragraph at lines 2920--2938

 []


Underfull \hbox (badness 10000) in paragraph at lines 2920--2938

 []


Underfull \hbox (badness 10000) in paragraph at lines 2920--2938

 []


Underfull \hbox (badness 10000) in paragraph at lines 2920--2938

 []

<Screenshot 2025-10-02 at 15.26.59.png, id=454, 487.8225pt x 323.2075pt>
File: Screenshot 2025-10-02 at 15.26.59.png Graphic file (type png)
<use Screenshot 2025-10-02 at 15.26.59.png>
Package pdftex.def Info: Screenshot 2025-10-02 at 15.26.59.png  used on input line 2939.
(pdftex.def)             Requested size: 215.0023pt x 142.44846pt.


[104 </Users/martinapaolacalvi/Desktop/Università-QuantumEng/First Year/ftp/FTP/Screenshot 2025-10-02 at 15.25.09.png>]
<Screenshot 2025-10-02 at 15.29.27.png, id=459, 286.06876pt x 241.90375pt>
File: Screenshot 2025-10-02 at 15.29.27.png Graphic file (type png)
<use Screenshot 2025-10-02 at 15.29.27.png>
Package pdftex.def Info: Screenshot 2025-10-02 at 15.29.27.png  used on input line 2963.
(pdftex.def)             Requested size: 215.0023pt x 181.81123pt.


[105 </Users/martinapaolacalvi/Desktop/Università-QuantumEng/First Year/ftp/FTP/Screenshot 2025-10-02 at 15.26.59.png>]
Underfull \hbox (badness 10000) in paragraph at lines 2965--2970

 []

<Screenshot 2025-10-02 at 15.30.45.png, id=464, 395.4775pt x 220.825pt>
File: Screenshot 2025-10-02 at 15.30.45.png Graphic file (type png)
<use Screenshot 2025-10-02 at 15.30.45.png>
Package pdftex.def Info: Screenshot 2025-10-02 at 15.30.45.png  used on input line 2985.
(pdftex.def)             Requested size: 215.0023pt x 120.0524pt.

Underfull \hbox (badness 10000) in paragraph at lines 2987--3002

 []



[106 </Users/martinapaolacalvi/Desktop/Università-QuantumEng/First Year/ftp/FTP/Screenshot 2025-10-02 at 15.29.27.png> </Users/martinapaolacalvi/Desktop/Università-QuantumEng/First Year/ftp/FTP/Screenshot 2025-10-02 at 15.30.45.png>]
<Screenshot 2025-10-02 at 15.32.24.png, id=470, 273.02pt x 183.68625pt>
File: Screenshot 2025-10-02 at 15.32.24.png Graphic file (type png)
<use Screenshot 2025-10-02 at 15.32.24.png>
Package pdftex.def Info: Screenshot 2025-10-02 at 15.32.24.png  used on input line 3004.
(pdftex.def)             Requested size: 171.99922pt x 115.72012pt.
<Screenshot 2025-10-02 at 15.34.01.png, id=471, 260.975pt x 315.1775pt>
File: Screenshot 2025-10-02 at 15.34.01.png Graphic file (type png)
<use Screenshot 2025-10-02 at 15.34.01.png>
Package pdftex.def Info: Screenshot 2025-10-02 at 15.34.01.png  used on input line 3023.
(pdftex.def)             Requested size: 171.99922pt x 207.72443pt.


[107 </Users/martinapaolacalvi/Desktop/Università-QuantumEng/First Year/ftp/FTP/Screenshot 2025-10-02 at 15.32.24.png>]
Underfull \hbox (badness 10000) in paragraph at lines 3031--3077

 []


Underfull \hbox (badness 10000) in paragraph at lines 3031--3077

 []


Underfull \hbox (badness 10000) in paragraph at lines 3031--3077

 []


Underfull \hbox (badness 10000) in paragraph at lines 3031--3077

 []


Underfull \hbox (badness 10000) in paragraph at lines 3031--3077

 []


Underfull \hbox (badness 10000) in paragraph at lines 3031--3077

 []


Underfull \hbox (badness 10000) in paragraph at lines 3031--3077

 []



[108 </Users/martinapaolacalvi/Desktop/Università-QuantumEng/First Year/ftp/FTP/Screenshot 2025-10-02 at 15.34.01.png>]
<Screenshot 2025-10-02 at 18.34.21.png, id=481, 322.20375pt x 440.64626pt>
File: Screenshot 2025-10-02 at 18.34.21.png Graphic file (type png)
<use Screenshot 2025-10-02 at 18.34.21.png>
Package pdftex.def Info: Screenshot 2025-10-02 at 18.34.21.png  used on input line 3118.
(pdftex.def)             Requested size: 171.99922pt x 235.23576pt.


[109]
Underfull \hbox (badness 10000) in paragraph at lines 3120--3137

 []

<Screenshot 2025-10-11 170341.png, id=485, 393.72093pt x 179.92218pt>
File: Screenshot 2025-10-11 170341.png Graphic file (type png)
<use Screenshot 2025-10-11 170341.png>
Package pdftex.def Info: Screenshot 2025-10-11 170341.png  used on input line 3151.
(pdftex.def)             Requested size: 215.0023pt x 98.24919pt.


[110 </Users/martinapaolacalvi/Desktop/Università-QuantumEng/First Year/ftp/FTP/Screenshot 2025-10-02 at 18.34.21.png>]
Underfull \hbox (badness 10000) in paragraph at lines 3165--3171

 []


Underfull \hbox (badness 10000) in paragraph at lines 3165--3171

 []

<Screenshot 2025-10-11 171416.png, id=490, 452.4403pt x 207.77625pt>
File: Screenshot 2025-10-11 171416.png Graphic file (type png)
<use Screenshot 2025-10-11 171416.png>
Package pdftex.def Info: Screenshot 2025-10-11 171416.png  used on input line 3180.
(pdftex.def)             Requested size: 215.0023pt x 98.73595pt.

Underfull \hbox (badness 10000) in paragraph at lines 3184--3187

 []



[111 </Users/martinapaolacalvi/Desktop/Università-QuantumEng/First Year/ftp/FTP/Screenshot 2025-10-11 170341.png> </Users/martinapaolacalvi/Desktop/Università-QuantumEng/First Year/ftp/FTP/Screenshot 2025-10-11 171416.png>]
Underfull \hbox (badness 10000) in paragraph at lines 3221--3246

 []



[112]
Underfull \hbox (badness 10000) in paragraph at lines 3247--3250

 []


Underfull \hbox (badness 10000) in paragraph at lines 3274--3282

 []


Underfull \hbox (badness 10000) in paragraph at lines 3274--3282

 []



[113]

[114]
Underfull \hbox (badness 10000) in paragraph at lines 3303--3316

 []



[115

]
Underfull \hbox (badness 10000) in paragraph at lines 3365--3367

 []


Underfull \hbox (badness 10000) in paragraph at lines 3367--3371

 []



[116]
Underfull \hbox (badness 10000) in paragraph at lines 3414--3421

 []



[117]

[118]

[119]
Underfull \hbox (badness 10000) in paragraph at lines 3504--3513

 []


Underfull \hbox (badness 10000) in paragraph at lines 3504--3513

 []



[120

]

[121]
<Screenshot 2025-10-14 at 17.39.32.png, id=528, 455.7025pt x 231.86626pt>
File: Screenshot 2025-10-14 at 17.39.32.png Graphic file (type png)
<use Screenshot 2025-10-14 at 17.39.32.png>
Package pdftex.def Info: Screenshot 2025-10-14 at 17.39.32.png  used on input line 3538.
(pdftex.def)             Requested size: 215.0023pt x 109.39816pt.


[122 </Users/martinapaolacalvi/Desktop/Università-QuantumEng/First Year/ftp/FTP/Screenshot 2025-10-14 at 17.39.32.png>]
Underfull \hbox (badness 10000) in paragraph at lines 3556--3560

 []



[123]

[124]
Underfull \hbox (badness 10000) in paragraph at lines 3595--3597

 []



[125]

[126

]
Underfull \hbox (badness 10000) in paragraph at lines 3641--3645

 []


LaTeX Warning: Command \textasciitilde invalid in math mode on input line 3646.


LaTeX Warning: Command \textasciitilde invalid in math mode on input line 3648.


Underfull \hbox (badness 10000) in paragraph at lines 3662--3664

 []



[127]
Overfull \hbox (23.42598pt too wide) in paragraph at lines 3670--3683
 [][] 
 []



[128]

[129]

[130]

[131]

[132]

[133]

[134]

[135]

[136]
<Screenshot 2025-10-16 at 08.43.36.png, id=578, 532.99126pt x 271.51437pt>
File: Screenshot 2025-10-16 at 08.43.36.png Graphic file (type png)
<use Screenshot 2025-10-16 at 08.43.36.png>
Package pdftex.def Info: Screenshot 2025-10-16 at 08.43.36.png  used on input line 3945.
(pdftex.def)             Requested size: 215.0023pt x 109.52354pt.


[137

 </Users/martinapaolacalvi/Desktop/Università-QuantumEng/First Year/ftp/FTP/Screenshot 2025-10-16 at 08.43.36.png>]

LaTeX Warning: No positions in optional float specifier.
               Default added (so using `tbp') on input line 3968.



[138]
<Screenshot 2025-10-16 at 08.56.15.png, id=587, 319.1925pt x 398.48875pt>
File: Screenshot 2025-10-16 at 08.56.15.png Graphic file (type png)
<use Screenshot 2025-10-16 at 08.56.15.png>
Package pdftex.def Info: Screenshot 2025-10-16 at 08.56.15.png  used on input line 3994.
(pdftex.def)             Requested size: 171.99922pt x 214.73076pt.
<Screenshot 2025-10-16 at 09.01.24.png, id=588, 491.8375pt x 264.99pt>
File: Screenshot 2025-10-16 at 09.01.24.png Graphic file (type png)
<use Screenshot 2025-10-16 at 09.01.24.png>
Package pdftex.def Info: Screenshot 2025-10-16 at 09.01.24.png  used on input line 4002.
(pdftex.def)             Requested size: 215.0023pt x 115.83983pt.


[139 </Users/martinapaolacalvi/Desktop/Università-QuantumEng/First Year/ftp/FTP/Screenshot 2025-10-16 at 08.56.15.png>]
<Screenshot 2025-10-16 at 09.03.03.png, id=593, 310.15875pt x 314.17375pt>
File: Screenshot 2025-10-16 at 09.03.03.png Graphic file (type png)
<use Screenshot 2025-10-16 at 09.03.03.png>
Package pdftex.def Info: Screenshot 2025-10-16 at 09.03.03.png  used on input line 4025.
(pdftex.def)             Requested size: 150.50424pt x 152.45078pt.


[140 </Users/martinapaolacalvi/Desktop/Università-QuantumEng/First Year/ftp/FTP/Screenshot 2025-10-16 at 09.01.24.png>]
<Screenshot 2025-10-16 at 09.09.56.png, id=598, 574.145pt x 369.38pt>
File: Screenshot 2025-10-16 at 09.09.56.png Graphic file (type png)
<use Screenshot 2025-10-16 at 09.09.56.png>
Package pdftex.def Info: Screenshot 2025-10-16 at 09.09.56.png  used on input line 4038.
(pdftex.def)             Requested size: 215.0023pt x 138.31989pt.
<Screenshot 2025-10-16 at 09.13.09.png, id=599, 277.035pt x 229.85875pt>
File: Screenshot 2025-10-16 at 09.13.09.png Graphic file (type png)
<use Screenshot 2025-10-16 at 09.13.09.png>
Package pdftex.def Info: Screenshot 2025-10-16 at 09.13.09.png  used on input line 4045.
(pdftex.def)             Requested size: 150.50424pt x 124.87595pt.


[141 </Users/martinapaolacalvi/Desktop/Università-QuantumEng/First Year/ftp/FTP/Screenshot 2025-10-16 at 09.03.03.png>]

[142 </Users/martinapaolacalvi/Desktop/Università-QuantumEng/First Year/ftp/FTP/Screenshot 2025-10-16 at 09.09.56.png> </Users/martinapaolacalvi/Desktop/Università-QuantumEng/First Year/ftp/FTP/Screenshot 2025-10-16 at 09.13.09.png>]
<Screenshot 2025-10-16 at 09.18.21.png, id=607, 336.25626pt x 385.44pt>
File: Screenshot 2025-10-16 at 09.18.21.png Graphic file (type png)
<use Screenshot 2025-10-16 at 09.18.21.png>
Package pdftex.def Info: Screenshot 2025-10-16 at 09.18.21.png  used on input line 4071.
(pdftex.def)             Requested size: 215.0023pt x 246.45139pt.


[143]

[144 </Users/martinapaolacalvi/Desktop/Università-QuantumEng/First Year/ftp/FTP/Screenshot 2025-10-16 at 09.18.21.png>]
<Screenshot 2025-10-16 at 09.22.21.png, id=616, 618.31pt x 368.37625pt>
File: Screenshot 2025-10-16 at 09.22.21.png Graphic file (type png)
<use Screenshot 2025-10-16 at 09.22.21.png>
Package pdftex.def Info: Screenshot 2025-10-16 at 09.22.21.png  used on input line 4087.
(pdftex.def)             Requested size: 129.00269pt x 76.8554pt.
<Screenshot 2025-10-16 at 09.23.36.png, id=617, 170.6375pt x 410.53375pt>
File: Screenshot 2025-10-16 at 09.23.36.png Graphic file (type png)
<use Screenshot 2025-10-16 at 09.23.36.png>
Package pdftex.def Info: Screenshot 2025-10-16 at 09.23.36.png  used on input line 4103.
(pdftex.def)             Requested size: 64.49806pt x 155.17757pt.


[145 </Users/martinapaolacalvi/Desktop/Università-QuantumEng/First Year/ftp/FTP/Screenshot 2025-10-16 at 09.22.21.png>]

[146 </Users/martinapaolacalvi/Desktop/Università-QuantumEng/First Year/ftp/FTP/Screenshot 2025-10-16 at 09.23.36.png>]
Underfull \hbox (badness 10000) in paragraph at lines 4127--4128
[]\T1/cmr/m/n/10 Due to its high cost and smaller la-tent heat, $[][][]$ must be uti-lized in a
 []

<Screenshot 2025-10-16 at 09.31.45.png, id=626, 600.2425pt x 268.00125pt>
File: Screenshot 2025-10-16 at 09.31.45.png Graphic file (type png)
<use Screenshot 2025-10-16 at 09.31.45.png>
Package pdftex.def Info: Screenshot 2025-10-16 at 09.31.45.png  used on input line 4142.
(pdftex.def)             Requested size: 215.0023pt x 95.99373pt.


[147

]

[148 </Users/martinapaolacalvi/Desktop/Università-QuantumEng/First Year/ftp/FTP/Screenshot 2025-10-16 at 09.31.45.png>]
<Screenshot 2025-10-16 at 10.48.22.png, id=633, 293.095pt x 425.59pt>
File: Screenshot 2025-10-16 at 10.48.22.png Graphic file (type png)
<use Screenshot 2025-10-16 at 10.48.22.png>
Package pdftex.def Info: Screenshot 2025-10-16 at 10.48.22.png  used on input line 4202.
(pdftex.def)             Requested size: 107.50114pt x 156.0956pt.


[149]

[150 </Users/martinapaolacalvi/Desktop/Università-QuantumEng/First Year/ftp/FTP/Screenshot 2025-10-16 at 10.48.22.png>]

LaTeX Warning: Command \textendash invalid in math mode on input line 4225.

<Screenshot 2025-10-23 at 08.47.31.png, id=643, 327.2225pt x 337.26pt>
File: Screenshot 2025-10-23 at 08.47.31.png Graphic file (type png)
<use Screenshot 2025-10-23 at 08.47.31.png>
Package pdftex.def Info: Screenshot 2025-10-23 at 08.47.31.png  used on input line 4230.
(pdftex.def)             Requested size: 150.50424pt x 155.1209pt.
<Screenshot 2025-10-23 at 08.48.15.png, id=644, 248.93pt x 262.9825pt>
File: Screenshot 2025-10-23 at 08.48.15.png Graphic file (type png)
<use Screenshot 2025-10-23 at 08.48.15.png>
Package pdftex.def Info: Screenshot 2025-10-23 at 08.48.15.png  used on input line 4240.
(pdftex.def)             Requested size: 171.99922pt x 181.7109pt.

LaTeX Warning: Command \textendash invalid in math mode on input line 4246.



[151

 </Users/martinapaolacalvi/Desktop/Università-QuantumEng/First Year/ftp/FTP/Screenshot 2025-10-23 at 08.47.31.png>]

LaTeX Warning: Command \textendash invalid in math mode on input line 4249.

<Screenshot 2025-10-23 at 08.54.06.png, id=649, 159.59625pt x 307.1475pt>
File: Screenshot 2025-10-23 at 08.54.06.png Graphic file (type png)
<use Screenshot 2025-10-23 at 08.54.06.png>
Package pdftex.def Info: Screenshot 2025-10-23 at 08.54.06.png  used on input line 4266.
(pdftex.def)             Requested size: 107.50114pt x 206.88911pt.


[152 </Users/martinapaolacalvi/Desktop/Università-QuantumEng/First Year/ftp/FTP/Screenshot 2025-10-23 at 08.48.15.png>]

[153 </Users/martinapaolacalvi/Desktop/Università-QuantumEng/First Year/ftp/FTP/Screenshot 2025-10-23 at 08.54.06.png>]
Underfull \hbox (badness 10000) in paragraph at lines 4297--4301

 []



[154]
<Screenshot 2025-10-23 at 09.11.35.png, id=661, 358.33875pt x 245.91875pt>
File: Screenshot 2025-10-23 at 09.11.35.png Graphic file (type png)
<use Screenshot 2025-10-23 at 09.11.35.png>
Package pdftex.def Info: Screenshot 2025-10-23 at 09.11.35.png  used on input line 4336.
(pdftex.def)             Requested size: 215.0023pt x 147.55237pt.


LaTeX Warning: Command \textendash invalid in math mode on input line 4342.



[155 </Users/martinapaolacalvi/Desktop/Università-QuantumEng/First Year/ftp/FTP/Screenshot 2025-10-23 at 09.11.35.png>]
<Screenshot 2025-10-23 at 09.21.23.png, id=666, 288.07625pt x 222.8325pt>
File: Screenshot 2025-10-23 at 09.21.23.png Graphic file (type png)
<use Screenshot 2025-10-23 at 09.21.23.png>
Package pdftex.def Info: Screenshot 2025-10-23 at 09.21.23.png  used on input line 4356.
(pdftex.def)             Requested size: 171.99922pt x 133.0477pt.


LaTeX Warning: Command \textendash invalid in math mode on input line 4357.


LaTeX Warning: Command \textendash invalid in math mode on input line 4357.


LaTeX Warning: Command \textendash invalid in math mode on input line 4366.

<Screenshot 2025-10-23 at 09.22.18.png, id=667, 322.20375pt x 234.8775pt>
File: Screenshot 2025-10-23 at 09.22.18.png Graphic file (type png)
<use Screenshot 2025-10-23 at 09.22.18.png>
Package pdftex.def Info: Screenshot 2025-10-23 at 09.22.18.png  used on input line 4369.
(pdftex.def)             Requested size: 171.99922pt x 125.38763pt.


[156 </Users/martinapaolacalvi/Desktop/Università-QuantumEng/First Year/ftp/FTP/Screenshot 2025-10-23 at 09.21.23.png>]
<Screenshot 2025-10-23 at 09.23.59.png, id=673, 255.95625pt x 397.485pt>
File: Screenshot 2025-10-23 at 09.23.59.png Graphic file (type png)
<use Screenshot 2025-10-23 at 09.23.59.png>
Package pdftex.def Info: Screenshot 2025-10-23 at 09.23.59.png  used on input line 4385.
(pdftex.def)             Requested size: 107.50114pt x 166.94255pt.


LaTeX Warning: Command \textendash invalid in math mode on input line 4392.


LaTeX Warning: Command \textendash invalid in math mode on input line 4401.



[157 </Users/martinapaolacalvi/Desktop/Università-QuantumEng/First Year/ftp/FTP/Screenshot 2025-10-23 at 09.22.18.png>]
<Screenshot 2025-10-23 at 09.25.39.png, id=678, 177.66376pt x 303.1325pt>
File: Screenshot 2025-10-23 at 09.25.39.png Graphic file (type png)
<use Screenshot 2025-10-23 at 09.25.39.png>
Package pdftex.def Info: Screenshot 2025-10-23 at 09.25.39.png  used on input line 4423.
(pdftex.def)             Requested size: 107.50114pt x 183.4258pt.


[158 </Users/martinapaolacalvi/Desktop/Università-QuantumEng/First Year/ftp/FTP/Screenshot 2025-10-23 at 09.23.59.png>]
<Screenshot 2025-10-23 at 09.27.05.png, id=683, 304.13625pt x 259.97125pt>
File: Screenshot 2025-10-23 at 09.27.05.png Graphic file (type png)
<use Screenshot 2025-10-23 at 09.27.05.png>
Package pdftex.def Info: Screenshot 2025-10-23 at 09.27.05.png  used on input line 4438.
(pdftex.def)             Requested size: 171.99922pt x 147.02682pt.


[159 </Users/martinapaolacalvi/Desktop/Università-QuantumEng/First Year/ftp/FTP/Screenshot 2025-10-23 at 09.25.39.png>]
<Screenshot 2025-10-23 at 09.28.37.png, id=688, 350.30875pt x 293.095pt>
File: Screenshot 2025-10-23 at 09.28.37.png Graphic file (type png)
<use Screenshot 2025-10-23 at 09.28.37.png>
Package pdftex.def Info: Screenshot 2025-10-23 at 09.28.37.png  used on input line 4461.
(pdftex.def)             Requested size: 171.99922pt x 143.9085pt.
<Screenshot 2025-10-23 at 09.30.36.png, id=689, 230.8625pt x 204.765pt>
File: Screenshot 2025-10-23 at 09.30.36.png Graphic file (type png)
<use Screenshot 2025-10-23 at 09.30.36.png>
Package pdftex.def Info: Screenshot 2025-10-23 at 09.30.36.png  used on input line 4473.
(pdftex.def)             Requested size: 107.50114pt x 95.34908pt.


[160 </Users/martinapaolacalvi/Desktop/Università-QuantumEng/First Year/ftp/FTP/Screenshot 2025-10-23 at 09.27.05.png>]

LaTeX Warning: `h' float specifier changed to `ht'.

<Screenshot 2025-10-23 at 09.34.36.png, id=694, 464.73625pt x 193.72375pt>
File: Screenshot 2025-10-23 at 09.34.36.png Graphic file (type png)
<use Screenshot 2025-10-23 at 09.34.36.png>
Package pdftex.def Info: Screenshot 2025-10-23 at 09.34.36.png  used on input line 4502.
(pdftex.def)             Requested size: 171.99922pt x 71.69734pt.

LaTeX Warning: Command \textendash invalid in math mode on input line 4519.

<Screenshot 2025-10-23 at 09.36.11.png, id=695, 399.4925pt x 410.53375pt>
File: Screenshot 2025-10-23 at 09.36.11.png Graphic file (type png)
<use Screenshot 2025-10-23 at 09.36.11.png>
Package pdftex.def Info: Screenshot 2025-10-23 at 09.36.11.png  used on input line 4523.
(pdftex.def)             Requested size: 215.0023pt x 220.94574pt.


[161 </Users/martinapaolacalvi/Desktop/Università-QuantumEng/First Year/ftp/FTP/Screenshot 2025-10-23 at 09.28.37.png> </Users/martinapaolacalvi/Desktop/Università-QuantumEng/First Year/ftp/FTP/Screenshot 2025-10-23 at 09.30.36.png>]
<Screenshot 2025-10-23 at 09.37.22.png, id=701, 208.78pt x 372.39125pt>
File: Screenshot 2025-10-23 at 09.37.22.png Graphic file (type png)
<use Screenshot 2025-10-23 at 09.37.22.png>
Package pdftex.def Info: Screenshot 2025-10-23 at 09.37.22.png  used on input line 4530.
(pdftex.def)             Requested size: 107.50114pt x 191.74669pt.
<Screenshot 2025-10-23 at 09.37.58.png, id=702, 229.85875pt x 281.05pt>
File: Screenshot 2025-10-23 at 09.37.58.png Graphic file (type png)
<use Screenshot 2025-10-23 at 09.37.58.png>
Package pdftex.def Info: Screenshot 2025-10-23 at 09.37.58.png  used on input line 4537.
(pdftex.def)             Requested size: 129.00269pt x 157.73857pt.


LaTeX Warning: Command \textendash invalid in math mode on input line 4544.



[162 </Users/martinapaolacalvi/Desktop/Università-QuantumEng/First Year/ftp/FTP/Screenshot 2025-10-23 at 09.34.36.png>]

[163 </Users/martinapaolacalvi/Desktop/Università-QuantumEng/First Year/ftp/FTP/Screenshot 2025-10-23 at 09.36.11.png> </Users/martinapaolacalvi/Desktop/Università-QuantumEng/First Year/ftp/FTP/Screenshot 2025-10-23 at 09.37.22.png>]

LaTeX Warning: Command \textendash invalid in math mode on input line 4547.

<Screenshot 2025-10-23 at 09.40.24.png, id=713, 701.62125pt x 302.12875pt>
File: Screenshot 2025-10-23 at 09.40.24.png Graphic file (type png)
<use Screenshot 2025-10-23 at 09.40.24.png>
Package pdftex.def Info: Screenshot 2025-10-23 at 09.40.24.png  used on input line 4554.
(pdftex.def)             Requested size: 215.0023pt x 92.58017pt.


[164 </Users/martinapaolacalvi/Desktop/Università-QuantumEng/First Year/ftp/FTP/Screenshot 2025-10-23 at 09.37.58.png> </Users/martinapaolacalvi/Desktop/Università-QuantumEng/First Year/ftp/FTP/Screenshot 2025-10-23 at 09.40.24.png>]

LaTeX Warning: Command \textendash invalid in math mode on input line 4576.


LaTeX Warning: Command \textendash invalid in math mode on input line 4576.



[165]
<Screenshot 2025-10-23 at 09.43.45.png, id=722, 314.17375pt x 157.58875pt>
File: Screenshot 2025-10-23 at 09.43.45.png Graphic file (type png)
<use Screenshot 2025-10-23 at 09.43.45.png>
Package pdftex.def Info: Screenshot 2025-10-23 at 09.43.45.png  used on input line 4607.
(pdftex.def)             Requested size: 215.0023pt x 107.84422pt.
<Screenshot 2025-10-23 at 09.44.40.png, id=723, 439.6425pt x 325.215pt>
File: Screenshot 2025-10-23 at 09.44.40.png Graphic file (type png)
<use Screenshot 2025-10-23 at 09.44.40.png>
Package pdftex.def Info: Screenshot 2025-10-23 at 09.44.40.png  used on input line 4622.
(pdftex.def)             Requested size: 215.0023pt x 159.03914pt.


[166 </Users/martinapaolacalvi/Desktop/Università-QuantumEng/First Year/ftp/FTP/Screenshot 2025-10-23 at 09.43.45.png>]

LaTeX Warning: Command \textendash invalid in math mode on input line 4630.


LaTeX Warning: Command \textendash invalid in math mode on input line 4637.



[167 </Users/martinapaolacalvi/Desktop/Università-QuantumEng/First Year/ftp/FTP/Screenshot 2025-10-23 at 09.44.40.png>]
<Screenshot 2025-11-19 at 15.11.49.png, id=732, 510.90875pt x 222.8325pt>
File: Screenshot 2025-11-19 at 15.11.49.png Graphic file (type png)
<use Screenshot 2025-11-19 at 15.11.49.png>
Package pdftex.def Info: Screenshot 2025-11-19 at 15.11.49.png  used on input line 4668.
(pdftex.def)             Requested size: 171.99922pt x 75.01741pt.


[168]

[169 </Users/martinapaolacalvi/Desktop/Università-QuantumEng/First Year/ftp/FTP/Screenshot 2025-11-19 at 15.11.49.png>]

[170]

[171]

[172]

[173]

[174]

[175]

[176]
Underfull \hbox (badness 3724) in paragraph at lines 4995--4996
[]\T1/cmr/m/n/10 1960s: High-energy, particle-accelerator elec-tro-mag-nets made of copper-clad NbTi
 []



[177

]

[178]

[179]

[180]
Underfull \hbox (badness 10000) in paragraph at lines 5144--5145

 []



[181]
Underfull \hbox (badness 1454) in paragraph at lines 5168--5169
[]\T1/cmr/bx/n/10 Transparency of grain bound-aries\T1/cmr/m/n/10 : Un-like cuprates, IBSs show rel-a-tively high
 []



[182]
Underfull \hbox (badness 10000) in paragraph at lines 5176--5180

 []


Underfull \hbox (badness 10000) in paragraph at lines 5176--5180

 []



[183]

[184]

[185]

[186]

[187]

[188

]

[189]

[190]
<Screenshot 2025-11-25 at 14.14.33.png, id=810, 324.21124pt x 377.41pt>
File: Screenshot 2025-11-25 at 14.14.33.png Graphic file (type png)
<use Screenshot 2025-11-25 at 14.14.33.png>
Package pdftex.def Info: Screenshot 2025-11-25 at 14.14.33.png  used on input line 5430.
(pdftex.def)             Requested size: 215.0023pt x 250.28343pt.
<Screenshot 2025-11-25 at 14.15.52.png, id=811, 418.56375pt x 306.14375pt>
File: Screenshot 2025-11-25 at 14.15.52.png Graphic file (type png)
<use Screenshot 2025-11-25 at 14.15.52.png>
Package pdftex.def Info: Screenshot 2025-11-25 at 14.15.52.png  used on input line 5435.
(pdftex.def)             Requested size: 258.00539pt x 188.70471pt.


[191]

[192 </Users/martinapaolacalvi/Desktop/Università-QuantumEng/First Year/ftp/FTP/Screenshot 2025-11-25 at 14.14.33.png>]

[193 </Users/martinapaolacalvi/Desktop/Università-QuantumEng/First Year/ftp/FTP/Screenshot 2025-11-25 at 14.15.52.png>]
<Screenshot 2025-12-02 at 11.57.15.png, id=824, 315.1775pt x 164.615pt>
File: Screenshot 2025-12-02 at 11.57.15.png Graphic file (type png)
<use Screenshot 2025-12-02 at 11.57.15.png>
Package pdftex.def Info: Screenshot 2025-12-02 at 11.57.15.png  used on input line 5473.
(pdftex.def)             Requested size: 215.0023pt x 112.2959pt.
<Screenshot 2025-12-02 at 11.56.02.png, id=825, 238.8925pt x 182.6825pt>
File: Screenshot 2025-12-02 at 11.56.02.png Graphic file (type png)
<use Screenshot 2025-12-02 at 11.56.02.png>
Package pdftex.def Info: Screenshot 2025-12-02 at 11.56.02.png  used on input line 5491.
(pdftex.def)             Requested size: 171.99922pt x 131.52849pt.


[194 </Users/martinapaolacalvi/Desktop/Università-QuantumEng/First Year/ftp/FTP/Screenshot 2025-12-02 at 11.57.15.png>]
<Screenshot 2025-12-02 at 11.58.07.png, id=830, 293.095pt x 171.64125pt>
File: Screenshot 2025-12-02 at 11.58.07.png Graphic file (type png)
<use Screenshot 2025-12-02 at 11.58.07.png>
Package pdftex.def Info: Screenshot 2025-12-02 at 11.58.07.png  used on input line 5497.
(pdftex.def)             Requested size: 215.0023pt x 125.90729pt.


[195 </Users/martinapaolacalvi/Desktop/Università-QuantumEng/First Year/ftp/FTP/Screenshot 2025-12-02 at 11.56.02.png> </Users/martinapaolacalvi/Desktop/Università-QuantumEng/First Year/ftp/FTP/Screenshot 2025-12-02 at 11.58.07.png>]
<Screenshot 2025-12-02 at 11.59.40.png, id=836, 302.12875pt x 274.02374pt>
File: Screenshot 2025-12-02 at 11.59.40.png Graphic file (type png)
<use Screenshot 2025-12-02 at 11.59.40.png>
Package pdftex.def Info: Screenshot 2025-12-02 at 11.59.40.png  used on input line 5516.
(pdftex.def)             Requested size: 171.99922pt x 155.99863pt.
<Screenshot 2025-12-02 at 12.04.12.png, id=837, 235.88126pt x 252.945pt>
File: Screenshot 2025-12-02 at 12.04.12.png Graphic file (type png)
<use Screenshot 2025-12-02 at 12.04.12.png>
Package pdftex.def Info: Screenshot 2025-12-02 at 12.04.12.png  used on input line 5530.
(pdftex.def)             Requested size: 171.99922pt x 184.44376pt.


[196 </Users/martinapaolacalvi/Desktop/Università-QuantumEng/First Year/ftp/FTP/Screenshot 2025-12-02 at 11.59.40.png>]

[197 </Users/martinapaolacalvi/Desktop/Università-QuantumEng/First Year/ftp/FTP/Screenshot 2025-12-02 at 12.04.12.png>]

[198]

[199]

[200]
Overfull \hbox (40.65456pt too wide) in paragraph at lines 5634--5644
 [][] 
 []



[201]

[202]

[203]

[204]

[205]

[206

]

[207]

[208]

[209]

[210]

[211]
Underfull \hbox (badness 4096) in paragraph at lines 5999--6000
[]\T1/cmr/bx/n/10 Andreev-Level Qubits: \T1/cmr/m/n/10 These qubits uti-lize An-dreev bound states in hy-brid
 []



[212]

[213]

[214]

[215]

[216] (/Users/martinapaolacalvi/Desktop/Università-QuantumEng/First Year/ftp/FTP/main.aux)
 ***********
LaTeX2e <2024-11-01> patch level 2
L3 programming layer <2025-01-18>
 ***********
 ) 
Here is how much of TeX's memory you used:
 4803 strings out of 473190
 90166 string characters out of 5715799
 471863 words of memory out of 5000000
 27985 multiletter control sequences out of 15000+600000
 591546 words of font info for 111 fonts, out of 8000000 for 9000
 1141 hyphenation exceptions out of 8191
 57i,14n,65p,1252b,317s stack positions out of 10000i,1000n,20000p,200000b,200000s
</usr/local/texlive/2025/texmf-dist/fonts/type1/public/amsfonts/cm/cmbx10.pfb></usr/local/texlive/2025/texmf-dist/fonts/type1/public/amsfonts/cm/cmbx7.pfb></usr/local/texlive/2025/texmf-dist/fonts/type1/public/amsfonts/cm/cmex10.pfb></usr/local/texlive/2025/texmf-dist/fonts/type1/public/amsfonts/cmextra/cmex7.pfb></usr/local/texlive/2025/texmf-dist/fonts/type1/public/amsfonts/cm/cmmi10.pfb></usr/local/texlive/2025/texmf-dist/fonts/type1/public/amsfonts/cm/cmmi12.pfb></usr/local/texlive/2025/texmf-dist/fonts/type1/public/amsfonts/cm/cmmi5.pfb></usr/local/texlive/2025/texmf-dist/fonts/type1/public/amsfonts/cm/cmmi7.pfb></usr/local/texlive/2025/texmf-dist/fonts/type1/public/amsfonts/cm/cmr10.pfb></usr/local/texlive/2025/texmf-dist/fonts/type1/public/amsfonts/cm/cmr12.pfb></usr/local/texlive/2025/texmf-dist/fonts/type1/public/amsfonts/cm/cmr5.pfb></usr/local/texlive/2025/texmf-dist/fonts/type1/public/amsfonts/cm/cmr7.pfb></usr/local/texlive/2025/texmf-dist/fonts/type1/public/amsfonts/cm/cmr8.pfb></usr/local/texlive/2025/texmf-dist/fonts/type1/public/amsfonts/cm/cmr9.pfb></usr/local/texlive/2025/texmf-dist/fonts/type1/public/amsfonts/cm/cmsy10.pfb></usr/local/texlive/2025/texmf-dist/fonts/type1/public/amsfonts/cm/cmsy5.pfb></usr/local/texlive/2025/texmf-dist/fonts/type1/public/amsfonts/cm/cmsy6.pfb></usr/local/texlive/2025/texmf-dist/fonts/type1/public/amsfonts/cm/cmsy7.pfb></usr/local/texlive/2025/texmf-dist/fonts/type1/public/amsfonts/symbols/msam7.pfb></usr/local/texlive/2025/texmf-dist/fonts/type1/public/amsfonts/symbols/msbm10.pfb></usr/local/texlive/2025/texmf-dist/fonts/type1/public/amsfonts/symbols/msbm7.pfb></usr/local/texlive/2025/texmf-dist/fonts/type1/public/cm-super/sfbi1000.pfb></usr/local/texlive/2025/texmf-dist/fonts/type1/public/cm-super/sfbi1200.pfb></usr/local/texlive/2025/texmf-dist/fonts/type1/public/cm-super/sfbx0700.pfb></usr/local/texlive/2025/texmf-dist/fonts/type1/public/cm-super/sfbx0800.pfb></usr/local/texlive/2025/texmf-dist/fonts/type1/public/cm-super/sfbx1000.pfb></usr/local/texlive/2025/texmf-dist/fonts/type1/public/cm-super/sfbx1200.pfb></usr/local/texlive/2025/texmf-dist/fonts/type1/public/cm-super/sfbx1440.pfb></usr/local/texlive/2025/texmf-dist/fonts/type1/public/cm-super/sfbx2074.pfb></usr/local/texlive/2025/texmf-dist/fonts/type1/public/cm-super/sfbx2488.pfb></usr/local/texlive/2025/texmf-dist/fonts/type1/public/cm-super/sfrm0500.pfb></usr/local/texlive/2025/texmf-dist/fonts/type1/public/cm-super/sfrm0700.pfb></usr/local/texlive/2025/texmf-dist/fonts/type1/public/cm-super/sfrm1000.pfb></usr/local/texlive/2025/texmf-dist/fonts/type1/public/cm-super/sfrm1200.pfb></usr/local/texlive/2025/texmf-dist/fonts/type1/public/cm-super/sfrm1728.pfb></usr/local/texlive/2025/texmf-dist/fonts/type1/public/cm-super/sfti0900.pfb></usr/local/texlive/2025/texmf-dist/fonts/type1/public/cm-super/sfti1000.pfb>
Output written on "/Users/martinapaolacalvi/Desktop/Università-QuantumEng/First Year/ftp/FTP/main.pdf" (217 pages, 14445694 bytes).
PDF statistics:
 1075 PDF objects out of 1200 (max. 8388607)
 600 compressed objects within 6 object streams
 0 named destinations out of 1000 (max. 500000)
 461 words of extra memory for PDF output out of 10000 (max. 10000000)

